>import reflex as rx
  "import" : keyword.control.import.python
  "reflex" : 
  "as" : keyword.control.import.python
  "rx" : 
>
>
>def index():
  "def" : meta.function.python storage.type.function.python
  "index" : meta.function.python entity.name.function.python
  "(" : meta.function.python meta.function.parameters.python punctuation.definition.parameters.begin.python
  ")" : meta.function.python meta.function.parameters.python punctuation.definition.parameters.end.python
  ":" : meta.function.python punctuation.section.function.begin.python
>    return rx.box(
  "return" : keyword.control.flow.python
  "rx" : 
  "." : meta.member.access.python punctuation.separator.period.python
  "box" : meta.member.access.python meta.function-call.python meta.function-call.generic.python
  "(" : meta.member.access.python meta.function-call.python punctuation.definition.arguments.begin.python
>        rx.text("hello", class_name="text-4xl text-center text-blue-500"),
  "rx" : meta.member.access.python meta.function-call.python meta.function-call.arguments.python
  "." : meta.member.access.python meta.function-call.python meta.function-call.arguments.python meta.member.access.python punctuation.separator.period.python
  "text" : meta.member.access.python meta.function-call.python meta.function-call.arguments.python meta.member.access.python meta.function-call.python meta.function-call.generic.python
  "(" : meta.member.access.python meta.function-call.python meta.function-call.arguments.python meta.member.access.python meta.function-call.python punctuation.definition.arguments.begin.python
  "\"" : meta.member.access.python meta.function-call.python meta.function-call.arguments.python meta.member.access.python meta.function-call.python meta.function-call.arguments.python string.quoted.single.python punctuation.definition.string.begin.python
  "hello" : meta.member.access.python meta.function-call.python meta.function-call.arguments.python meta.member.access.python meta.function-call.python meta.function-call.arguments.python string.quoted.single.python
  "\"" : meta.member.access.python meta.function-call.python meta.function-call.arguments.python meta.member.access.python meta.function-call.python meta.function-call.arguments.python string.quoted.single.python punctuation.definition.string.end.python
  "," : meta.member.access.python meta.function-call.python meta.function-call.arguments.python meta.member.access.python meta.function-call.python meta.function-call.arguments.python punctuation.separator.arguments.python
  "class_name" : meta.member.access.python meta.function-call.python meta.function-call.arguments.python meta.member.access.python meta.function-call.python meta.function-call.arguments.python
  "=" : meta.member.access.python meta.function-call.python meta.function-call.arguments.python meta.member.access.python meta.function-call.python meta.function-call.arguments.python keyword.operator.assignment.python
  "\"" : meta.member.access.python meta.function-call.python meta.function-call.arguments.python meta.member.access.python meta.function-call.python meta.function-call.arguments.python punctuation.definition.string.begin.python
  "text-4xl text-center text-blue-500" : meta.member.access.python meta.function-call.python meta.function-call.arguments.python meta.member.access.python meta.function-call.python meta.function-call.arguments.python meta.embedded.inline.tailwind-classes
  "\"" : meta.member.access.python meta.function-call.python meta.function-call.arguments.python meta.member.access.python meta.function-call.python meta.function-call.arguments.python punctuation.definition.string.end.python
  ")" : meta.member.access.python meta.function-call.python meta.function-call.arguments.python meta.member.access.python meta.function-call.python punctuation.definition.arguments.end.python
  "," : meta.member.access.python meta.function-call.python meta.function-call.arguments.python punctuation.separator.arguments.python
>        rx.box(class_name="h-5 rounded-md border hover:bg-secondary-3 rounded-[2px]"),
  "rx" : meta.member.access.python meta.function-call.python meta.function-call.arguments.python
  "." : meta.member.access.python meta.function-call.python meta.function-call.arguments.python meta.member.access.python punctuation.separator.period.python
  "box" : meta.member.access.python meta.function-call.python meta.function-call.arguments.python meta.member.access.python meta.function-call.python meta.function-call.generic.python
  "(" : meta.member.access.python meta.function-call.python meta.function-call.arguments.python meta.member.access.python meta.function-call.python punctuation.definition.arguments.begin.python
  "class_name" : meta.member.access.python meta.function-call.python meta.function-call.arguments.python meta.member.access.python meta.function-call.python meta.function-call.arguments.python
  "=" : meta.member.access.python meta.function-call.python meta.function-call.arguments.python meta.member.access.python meta.function-call.python meta.function-call.arguments.python keyword.operator.assignment.python
  "\"" : meta.member.access.python meta.function-call.python meta.function-call.arguments.python meta.member.access.python meta.function-call.python meta.function-call.arguments.python punctuation.definition.string.begin.python
  "h-5 rounded-md border hover:bg-secondary-3 rounded-[2px]" : meta.member.access.python meta.function-call.python meta.function-call.arguments.python meta.member.access.python meta.function-call.python meta.function-call.arguments.python meta.embedded.inline.tailwind-classes
  "\"" : meta.member.access.python meta.function-call.python meta.function-call.arguments.python meta.member.access.python meta.function-call.python meta.function-call.arguments.python punctuation.definition.string.end.python
  ")" : meta.member.access.python meta.function-call.python meta.function-call.arguments.python meta.member.access.python meta.function-call.python punctuation.definition.arguments.end.python
  "," : meta.member.access.python meta.function-call.python meta.function-call.arguments.python punctuation.separator.arguments.python
>        rx.box(class_name=["flex", "items-center", "gap-2"]),
  "rx" : meta.member.access.python meta.function-call.python meta.function-call.arguments.python
  "." : meta.member.access.python meta.function-call.python meta.function-call.arguments.python meta.member.access.python punctuation.separator.period.python
  "box" : meta.member.access.python meta.function-call.python meta.function-call.arguments.python meta.member.access.python meta.function-call.python meta.function-call.generic.python
  "(" : meta.member.access.python meta.function-call.python meta.function-call.arguments.python meta.member.access.python meta.function-call.python punctuation.definition.arguments.begin.python
  "class_name" : meta.member.access.python meta.function-call.python meta.function-call.arguments.python meta.member.access.python meta.function-call.python meta.function-call.arguments.python
  "=" : meta.member.access.python meta.function-call.python meta.function-call.arguments.python meta.member.access.python meta.function-call.python meta.function-call.arguments.python keyword.operator.assignment.python
  "[" : meta.member.access.python meta.function-call.python meta.function-call.arguments.python meta.member.access.python meta.function-call.python meta.function-call.arguments.python punctuation.definition.list.begin.python
  "\"" : meta.member.access.python meta.function-call.python meta.function-call.arguments.python meta.member.access.python meta.function-call.python meta.function-call.arguments.python punctuation.definition.string.begin.python
  "flex" : meta.member.access.python meta.function-call.python meta.function-call.arguments.python meta.member.access.python meta.function-call.python meta.function-call.arguments.python meta.embedded.inline.tailwind-classes
  "\"" : meta.member.access.python meta.function-call.python meta.function-call.arguments.python meta.member.access.python meta.function-call.python meta.function-call.arguments.python punctuation.definition.string.end.python
  "," : meta.member.access.python meta.function-call.python meta.function-call.arguments.python meta.member.access.python meta.function-call.python meta.function-call.arguments.python punctuation.separator.element.python
  "\"" : meta.member.access.python meta.function-call.python meta.function-call.arguments.python meta.member.access.python meta.function-call.python meta.function-call.arguments.python punctuation.definition.string.begin.python
  "items-center" : meta.member.access.python meta.function-call.python meta.function-call.arguments.python meta.member.access.python meta.function-call.python meta.function-call.arguments.python meta.embedded.inline.tailwind-classes
  "\"" : meta.member.access.python meta.function-call.python meta.function-call.arguments.python meta.member.access.python meta.function-call.python meta.function-call.arguments.python punctuation.definition.string.end.python
  "," : meta.member.access.python meta.function-call.python meta.function-call.arguments.python meta.member.access.python meta.function-call.python meta.function-call.arguments.python punctuation.separator.element.python
  "\"" : meta.member.access.python meta.function-call.python meta.function-call.arguments.python meta.member.access.python meta.function-call.python meta.function-call.arguments.python punctuation.definition.string.begin.python
  "gap-2" : meta.member.access.python meta.function-call.python meta.function-call.arguments.python meta.member.access.python meta.function-call.python meta.function-call.arguments.python meta.embedded.inline.tailwind-classes
  "\"" : meta.member.access.python meta.function-call.python meta.function-call.arguments.python meta.member.access.python meta.function-call.python meta.function-call.arguments.python punctuation.definition.string.end.python
  "]" : meta.member.access.python meta.function-call.python meta.function-call.arguments.python meta.member.access.python meta.function-call.python meta.function-call.arguments.python punctuation.definition.list.end.python
  ")" : meta.member.access.python meta.function-call.python meta.function-call.arguments.python meta.member.access.python meta.function-call.python punctuation.definition.arguments.end.python
  "," : meta.member.access.python meta.function-call.python meta.function-call.arguments.python punctuation.separator.arguments.python
>        rx.box(class_name=f"p-4 {extra_classes}"),
  "rx" : meta.member.access.python meta.function-call.python meta.function-call.arguments.python
  "." : meta.member.access.python meta.function-call.python meta.function-call.arguments.python meta.member.access.python punctuation.separator.period.python
  "box" : meta.member.access.python meta.function-call.python meta.function-call.arguments.python meta.member.access.python meta.function-call.python meta.function-call.generic.python
  "(" : meta.member.access.python meta.function-call.python meta.function-call.arguments.python meta.member.access.python meta.function-call.python punctuation.definition.arguments.begin.python
  "class_name" : meta.member.access.python meta.function-call.python meta.function-call.arguments.python meta.member.access.python meta.function-call.python meta.function-call.arguments.python
  "=" : meta.member.access.python meta.function-call.python meta.function-call.arguments.python meta.member.access.python meta.function-call.python meta.function-call.arguments.python keyword.operator.assignment.python
  "f" : meta.member.access.python meta.function-call.python meta.function-call.arguments.python meta.member.access.python meta.function-call.python meta.function-call.arguments.python storage.type.string.python
  "\"" : meta.member.access.python meta.function-call.python meta.function-call.arguments.python meta.member.access.python meta.function-call.python meta.function-call.arguments.python punctuation.definition.string.begin.python
  "p-4 " : meta.member.access.python meta.function-call.python meta.function-call.arguments.python meta.member.access.python meta.function-call.python meta.function-call.arguments.python meta.embedded.inline.tailwind-classes.fstring
  "{" : meta.member.access.python meta.function-call.python meta.function-call.arguments.python meta.member.access.python meta.function-call.python meta.function-call.arguments.python meta.embedded.inline.tailwind-classes.fstring meta.embedded.python punctuation.definition.template-expression.begin.python
  "extra_classes" : meta.member.access.python meta.function-call.python meta.function-call.arguments.python meta.member.access.python meta.function-call.python meta.function-call.arguments.python meta.embedded.inline.tailwind-classes.fstring meta.embedded.python
  "}" : meta.member.access.python meta.function-call.python meta.function-call.arguments.python meta.member.access.python meta.function-call.python meta.function-call.arguments.python meta.embedded.inline.tailwind-classes.fstring meta.embedded.python punctuation.definition.template-expression.end.python
  "\"" : meta.member.access.python meta.function-call.python meta.function-call.arguments.python meta.member.access.python meta.function-call.python meta.function-call.arguments.python punctuation.definition.string.end.python
  ")" : meta.member.access.python meta.function-call.python meta.function-call.arguments.python meta.member.access.python meta.function-call.python punctuation.definition.arguments.end.python
  "," : meta.member.access.python meta.function-call.python meta.function-call.arguments.python punctuation.separator.arguments.python
>        class_name="mx-auto max-w-3xl",
  "class_name" : meta.member.access.python meta.function-call.python meta.function-call.arguments.python
  "=" : meta.member.access.python meta.function-call.python meta.function-call.arguments.python keyword.operator.assignment.python
  "\"" : meta.member.access.python meta.function-call.python meta.function-call.arguments.python punctuation.definition.string.begin.python
  "mx-auto max-w-3xl" : meta.member.access.python meta.function-call.python meta.function-call.arguments.python meta.embedded.inline.tailwind-classes
  "\"" : meta.member.access.python meta.function-call.python meta.function-call.arguments.python punctuation.definition.string.end.python
  "," : meta.member.access.python meta.function-call.python meta.function-call.arguments.python punctuation.separator.arguments.python
>    )
  ")" : meta.member.access.python meta.function-call.python punctuation.definition.arguments.end.python
>
>
>extra_classes = "shadow-lg"
  "extra_classes" : 
  "=" : keyword.operator.assignment.python
  "\"" : string.quoted.single.python punctuation.definition.string.begin.python
  "shadow-lg" : string.quoted.single.python
  "\"" : string.quoted.single.python punctuation.definition.string.end.python
>
